#! /c/Source/iverilog-install/bin/vvp
:ivl_version "14.0 (devel)";
:ivl_delay_selection "TYPICAL";
:vpi_time_precision - 12;
:vpi_module "C:\iverilog\lib\ivl\system.vpi";
:vpi_module "C:\iverilog\lib\ivl\vhdl_sys.vpi";
:vpi_module "C:\iverilog\lib\ivl\vhdl_textio.vpi";
:vpi_module "C:\iverilog\lib\ivl\v2005_math.vpi";
:vpi_module "C:\iverilog\lib\ivl\va_math.vpi";
:vpi_module "C:\iverilog\lib\ivl\v2009.vpi";
S_0000028D3B0EC190 .scope package, "$unit" "$unit" 2 1;
 .timescale 0 0;
S_0000028D3B0F17C0 .scope module, "tb_top_hazard_system" "tb_top_hazard_system" 3 3;
 .timescale -9 -12;
v0000028D3B0F6460_0 .var "branch_taken", 0 0;
v0000028D3B0F6780_0 .var "clk", 0 0;
v0000028D3B0F6AA0_0 .var "ex_mem_RegWrite", 0 0;
v0000028D3B0F6960_0 .var "ex_mem_rd", 4 0;
v0000028D3B0F6280_0 .net "flush", 0 0, v0000028D3B0F65A0_0;  1 drivers
v0000028D3B0F6A00_0 .net "forwardA", 1 0, v0000028D3B0F6500_0;  1 drivers
v0000028D3B0F63C0_0 .net "forwardB", 1 0, v0000028D3B0F6140_0;  1 drivers
v0000028D3B0F6C80_0 .var "id_ex_MemRead", 0 0;
v0000028D3B0F6320_0 .var "id_ex_rd", 4 0;
v0000028D3B0F66E0_0 .var "id_ex_rs1", 4 0;
v0000028D3B1610A0_0 .var "id_ex_rs2", 4 0;
v0000028D3B160880_0 .var "mem_wb_RegWrite", 0 0;
v0000028D3B160D80_0 .var "mem_wb_rd", 4 0;
v0000028D3B1613C0_0 .var "reset", 0 0;
v0000028D3B1606A0_0 .net "stall", 0 0, v0000028D3B0F6640_0;  1 drivers
S_0000028D3B0F1950 .scope module, "fwd_unit" "forwarding_unit" 3 31, 4 1 0, S_0000028D3B0F17C0;
 .timescale 0 0;
    .port_info 0 /INPUT 5 "id_ex_rs1";
    .port_info 1 /INPUT 5 "id_ex_rs2";
    .port_info 2 /INPUT 5 "ex_mem_rd";
    .port_info 3 /INPUT 1 "ex_mem_RegWrite";
    .port_info 4 /INPUT 5 "mem_wb_rd";
    .port_info 5 /INPUT 1 "mem_wb_RegWrite";
    .port_info 6 /OUTPUT 2 "forwardA";
    .port_info 7 /OUTPUT 2 "forwardB";
v0000028D3B0F5D80_0 .net "ex_mem_RegWrite", 0 0, v0000028D3B0F6AA0_0;  1 drivers
v0000028D3B0F5F60_0 .net "ex_mem_rd", 4 0, v0000028D3B0F6960_0;  1 drivers
v0000028D3B0F6500_0 .var "forwardA", 1 0;
v0000028D3B0F6140_0 .var "forwardB", 1 0;
v0000028D3B0F5E20_0 .net "id_ex_rs1", 4 0, v0000028D3B0F66E0_0;  1 drivers
v0000028D3B0F68C0_0 .net "id_ex_rs2", 4 0, v0000028D3B1610A0_0;  1 drivers
v0000028D3B0F6820_0 .net "mem_wb_RegWrite", 0 0, v0000028D3B160880_0;  1 drivers
v0000028D3B0F61E0_0 .net "mem_wb_rd", 4 0, v0000028D3B160D80_0;  1 drivers
E_0000028D3B0ED9E0/0 .event anyedge, v0000028D3B0F5D80_0, v0000028D3B0F5F60_0, v0000028D3B0F5E20_0, v0000028D3B0F68C0_0;
E_0000028D3B0ED9E0/1 .event anyedge, v0000028D3B0F6820_0, v0000028D3B0F61E0_0;
E_0000028D3B0ED9E0 .event/or E_0000028D3B0ED9E0/0, E_0000028D3B0ED9E0/1;
S_0000028D3B102C10 .scope module, "hazard_unit" "hazard_detection_unit" 3 20, 5 1 0, S_0000028D3B0F17C0;
 .timescale 0 0;
    .port_info 0 /INPUT 5 "id_ex_rs1";
    .port_info 1 /INPUT 5 "id_ex_rs2";
    .port_info 2 /INPUT 5 "id_ex_rd";
    .port_info 3 /INPUT 1 "id_ex_MemRead";
    .port_info 4 /INPUT 1 "branch_taken";
    .port_info 5 /OUTPUT 1 "stall";
    .port_info 6 /OUTPUT 1 "flush";
v0000028D3B0F60A0_0 .net "branch_taken", 0 0, v0000028D3B0F6460_0;  1 drivers
v0000028D3B0F65A0_0 .var "flush", 0 0;
v0000028D3B0F5EC0_0 .net "id_ex_MemRead", 0 0, v0000028D3B0F6C80_0;  1 drivers
v0000028D3B0F6000_0 .net "id_ex_rd", 4 0, v0000028D3B0F6320_0;  1 drivers
v0000028D3B0F6B40_0 .net "id_ex_rs1", 4 0, v0000028D3B0F66E0_0;  alias, 1 drivers
v0000028D3B0F6BE0_0 .net "id_ex_rs2", 4 0, v0000028D3B1610A0_0;  alias, 1 drivers
v0000028D3B0F6640_0 .var "stall", 0 0;
E_0000028D3B0EDB60/0 .event anyedge, v0000028D3B0F5EC0_0, v0000028D3B0F6000_0, v0000028D3B0F5E20_0, v0000028D3B0F68C0_0;
E_0000028D3B0EDB60/1 .event anyedge, v0000028D3B0F60A0_0;
E_0000028D3B0EDB60 .event/or E_0000028D3B0EDB60/0, E_0000028D3B0EDB60/1;
    .scope S_0000028D3B102C10;
T_0 ;
Ewait_0 .event/or E_0000028D3B0EDB60, E_0x0;
    %wait Ewait_0;
    %pushi/vec4 0, 0, 1;
    %store/vec4 v0000028D3B0F6640_0, 0, 1;
    %pushi/vec4 0, 0, 1;
    %store/vec4 v0000028D3B0F65A0_0, 0, 1;
    %load/vec4 v0000028D3B0F5EC0_0;
    %flag_set/vec4 10;
    %flag_get/vec4 10;
    %jmp/0 T_0.3, 10;
    %load/vec4 v0000028D3B0F6000_0;
    %load/vec4 v0000028D3B0F6B40_0;
    %cmp/e;
    %flag_get/vec4 4;
    %jmp/1 T_0.4, 4;
    %load/vec4 v0000028D3B0F6000_0;
    %load/vec4 v0000028D3B0F6BE0_0;
    %cmp/e;
    %flag_get/vec4 4;
    %or;
T_0.4;
    %and;
T_0.3;
    %flag_set/vec4 9;
    %flag_get/vec4 9;
    %jmp/0 T_0.2, 9;
    %load/vec4 v0000028D3B0F6000_0;
    %pushi/vec4 0, 0, 5;
    %cmp/ne;
    %flag_get/vec4 4;
    %and;
T_0.2;
    %flag_set/vec4 8;
    %jmp/0xz  T_0.0, 8;
    %pushi/vec4 1, 0, 1;
    %store/vec4 v0000028D3B0F6640_0, 0, 1;
T_0.0 ;
    %load/vec4 v0000028D3B0F60A0_0;
    %flag_set/vec4 8;
    %jmp/0xz  T_0.5, 8;
    %pushi/vec4 1, 0, 1;
    %store/vec4 v0000028D3B0F65A0_0, 0, 1;
T_0.5 ;
    %jmp T_0;
    .thread T_0, $push;
    .scope S_0000028D3B0F1950;
T_1 ;
Ewait_1 .event/or E_0000028D3B0ED9E0, E_0x0;
    %wait Ewait_1;
    %pushi/vec4 0, 0, 2;
    %store/vec4 v0000028D3B0F6500_0, 0, 2;
    %pushi/vec4 0, 0, 2;
    %store/vec4 v0000028D3B0F6140_0, 0, 2;
    %load/vec4 v0000028D3B0F5D80_0;
    %flag_set/vec4 10;
    %flag_get/vec4 10;
    %jmp/0 T_1.3, 10;
    %load/vec4 v0000028D3B0F5F60_0;
    %pushi/vec4 0, 0, 5;
    %cmp/ne;
    %flag_get/vec4 4;
    %and;
T_1.3;
    %flag_set/vec4 9;
    %flag_get/vec4 9;
    %jmp/0 T_1.2, 9;
    %load/vec4 v0000028D3B0F5F60_0;
    %load/vec4 v0000028D3B0F5E20_0;
    %cmp/e;
    %flag_get/vec4 4;
    %and;
T_1.2;
    %flag_set/vec4 8;
    %jmp/0xz  T_1.0, 8;
    %pushi/vec4 2, 0, 2;
    %store/vec4 v0000028D3B0F6500_0, 0, 2;
T_1.0 ;
    %load/vec4 v0000028D3B0F5D80_0;
    %flag_set/vec4 10;
    %flag_get/vec4 10;
    %jmp/0 T_1.7, 10;
    %load/vec4 v0000028D3B0F5F60_0;
    %pushi/vec4 0, 0, 5;
    %cmp/ne;
    %flag_get/vec4 4;
    %and;
T_1.7;
    %flag_set/vec4 9;
    %flag_get/vec4 9;
    %jmp/0 T_1.6, 9;
    %load/vec4 v0000028D3B0F5F60_0;
    %load/vec4 v0000028D3B0F68C0_0;
    %cmp/e;
    %flag_get/vec4 4;
    %and;
T_1.6;
    %flag_set/vec4 8;
    %jmp/0xz  T_1.4, 8;
    %pushi/vec4 2, 0, 2;
    %store/vec4 v0000028D3B0F6140_0, 0, 2;
T_1.4 ;
    %load/vec4 v0000028D3B0F6820_0;
    %flag_set/vec4 11;
    %flag_get/vec4 11;
    %jmp/0 T_1.12, 11;
    %load/vec4 v0000028D3B0F61E0_0;
    %pushi/vec4 0, 0, 5;
    %cmp/ne;
    %flag_get/vec4 4;
    %and;
T_1.12;
    %flag_set/vec4 10;
    %flag_get/vec4 10;
    %jmp/0 T_1.11, 10;
    %load/vec4 v0000028D3B0F5D80_0;
    %flag_set/vec4 11;
    %flag_get/vec4 11;
    %jmp/0 T_1.14, 11;
    %load/vec4 v0000028D3B0F5F60_0;
    %pushi/vec4 0, 0, 5;
    %cmp/ne;
    %flag_get/vec4 4;
    %and;
T_1.14;
    %flag_set/vec4 10;
    %flag_get/vec4 10;
    %jmp/0 T_1.13, 10;
    %load/vec4 v0000028D3B0F5F60_0;
    %load/vec4 v0000028D3B0F5E20_0;
    %cmp/e;
    %flag_get/vec4 4;
    %and;
T_1.13;
    %nor/r;
    %and;
T_1.11;
    %flag_set/vec4 9;
    %flag_get/vec4 9;
    %jmp/0 T_1.10, 9;
    %load/vec4 v0000028D3B0F61E0_0;
    %load/vec4 v0000028D3B0F5E20_0;
    %cmp/e;
    %flag_get/vec4 4;
    %and;
T_1.10;
    %flag_set/vec4 8;
    %jmp/0xz  T_1.8, 8;
    %pushi/vec4 1, 0, 2;
    %store/vec4 v0000028D3B0F6500_0, 0, 2;
T_1.8 ;
    %load/vec4 v0000028D3B0F6820_0;
    %flag_set/vec4 11;
    %flag_get/vec4 11;
    %jmp/0 T_1.19, 11;
    %load/vec4 v0000028D3B0F61E0_0;
    %pushi/vec4 0, 0, 5;
    %cmp/ne;
    %flag_get/vec4 4;
    %and;
T_1.19;
    %flag_set/vec4 10;
    %flag_get/vec4 10;
    %jmp/0 T_1.18, 10;
    %load/vec4 v0000028D3B0F5D80_0;
    %flag_set/vec4 11;
    %flag_get/vec4 11;
    %jmp/0 T_1.21, 11;
    %load/vec4 v0000028D3B0F5F60_0;
    %pushi/vec4 0, 0, 5;
    %cmp/ne;
    %flag_get/vec4 4;
    %and;
T_1.21;
    %flag_set/vec4 10;
    %flag_get/vec4 10;
    %jmp/0 T_1.20, 10;
    %load/vec4 v0000028D3B0F5F60_0;
    %load/vec4 v0000028D3B0F68C0_0;
    %cmp/e;
    %flag_get/vec4 4;
    %and;
T_1.20;
    %nor/r;
    %and;
T_1.18;
    %flag_set/vec4 9;
    %flag_get/vec4 9;
    %jmp/0 T_1.17, 9;
    %load/vec4 v0000028D3B0F61E0_0;
    %load/vec4 v0000028D3B0F68C0_0;
    %cmp/e;
    %flag_get/vec4 4;
    %and;
T_1.17;
    %flag_set/vec4 8;
    %jmp/0xz  T_1.15, 8;
    %pushi/vec4 1, 0, 2;
    %store/vec4 v0000028D3B0F6140_0, 0, 2;
T_1.15 ;
    %jmp T_1;
    .thread T_1, $push;
    .scope S_0000028D3B0F17C0;
T_2 ;
    %delay 5000, 0;
    %load/vec4 v0000028D3B0F6780_0;
    %inv;
    %store/vec4 v0000028D3B0F6780_0, 0, 1;
    %jmp T_2;
    .thread T_2;
    .scope S_0000028D3B0F17C0;
T_3 ;
    %vpi_call/w 3 47 "$dumpfile", "sim/hazard_system.vcd" {0 0 0};
    %vpi_call/w 3 48 "$dumpvars", 32'sb00000000000000000000000000000000, S_0000028D3B0F17C0 {0 0 0};
    %pushi/vec4 0, 0, 1;
    %store/vec4 v0000028D3B0F6780_0, 0, 1;
    %pushi/vec4 1, 0, 1;
    %store/vec4 v0000028D3B1613C0_0, 0, 1;
    %pushi/vec4 0, 0, 5;
    %store/vec4 v0000028D3B0F66E0_0, 0, 5;
    %pushi/vec4 0, 0, 5;
    %store/vec4 v0000028D3B1610A0_0, 0, 5;
    %pushi/vec4 0, 0, 5;
    %store/vec4 v0000028D3B0F6320_0, 0, 5;
    %pushi/vec4 0, 0, 5;
    %store/vec4 v0000028D3B0F6960_0, 0, 5;
    %pushi/vec4 0, 0, 5;
    %store/vec4 v0000028D3B160D80_0, 0, 5;
    %pushi/vec4 0, 0, 1;
    %store/vec4 v0000028D3B0F6C80_0, 0, 1;
    %pushi/vec4 0, 0, 1;
    %store/vec4 v0000028D3B0F6460_0, 0, 1;
    %pushi/vec4 0, 0, 1;
    %store/vec4 v0000028D3B0F6AA0_0, 0, 1;
    %pushi/vec4 0, 0, 1;
    %store/vec4 v0000028D3B160880_0, 0, 1;
    %delay 10000, 0;
    %pushi/vec4 0, 0, 1;
    %store/vec4 v0000028D3B1613C0_0, 0, 1;
    %vpi_call/w 3 59 "$display", "\012=============================================" {0 0 0};
    %vpi_call/w 3 60 "$display", "   RISC-V HAZARD SYSTEM VERIFICATION SUITE   " {0 0 0};
    %vpi_call/w 3 61 "$display", "=============================================" {0 0 0};
    %delay 10000, 0;
    %pushi/vec4 5, 0, 5;
    %store/vec4 v0000028D3B0F6320_0, 0, 5;
    %pushi/vec4 1, 0, 1;
    %store/vec4 v0000028D3B0F6C80_0, 0, 1;
    %pushi/vec4 5, 0, 5;
    %store/vec4 v0000028D3B0F66E0_0, 0, 5;
    %pushi/vec4 2, 0, 5;
    %store/vec4 v0000028D3B1610A0_0, 0, 5;
    %delay 2000, 0;
    %vpi_call/w 3 68 "$display", "[SCENARIO 1] Load-Use Hazard Detected -> Stall: %b (Exp: 1), Flush: %b (Exp: 0)", v0000028D3B1606A0_0, v0000028D3B0F6280_0 {0 0 0};
    %delay 10000, 0;
    %pushi/vec4 0, 0, 1;
    %store/vec4 v0000028D3B0F6C80_0, 0, 1;
    %pushi/vec4 1, 0, 1;
    %store/vec4 v0000028D3B0F6460_0, 0, 1;
    %delay 2000, 0;
    %vpi_call/w 3 74 "$display", "[SCENARIO 2] Branch Taken -> Stall: %b (Exp: 0), Flush: %b (Exp: 1)", v0000028D3B1606A0_0, v0000028D3B0F6280_0 {0 0 0};
    %delay 10000, 0;
    %pushi/vec4 0, 0, 1;
    %store/vec4 v0000028D3B0F6460_0, 0, 1;
    %pushi/vec4 3, 0, 5;
    %store/vec4 v0000028D3B0F66E0_0, 0, 5;
    %pushi/vec4 4, 0, 5;
    %store/vec4 v0000028D3B1610A0_0, 0, 5;
    %pushi/vec4 3, 0, 5;
    %store/vec4 v0000028D3B0F6960_0, 0, 5;
    %pushi/vec4 1, 0, 1;
    %store/vec4 v0000028D3B0F6AA0_0, 0, 1;
    %delay 2000, 0;
    %vpi_call/w 3 82 "$display", "[SCENARIO 3] EX Forwarding -> forwardA: %b (Exp: 10), forwardB: %b (Exp: 00)", v0000028D3B0F6A00_0, v0000028D3B0F63C0_0 {0 0 0};
    %delay 10000, 0;
    %pushi/vec4 0, 0, 1;
    %store/vec4 v0000028D3B0F6AA0_0, 0, 1;
    %pushi/vec4 4, 0, 5;
    %store/vec4 v0000028D3B160D80_0, 0, 5;
    %pushi/vec4 1, 0, 1;
    %store/vec4 v0000028D3B160880_0, 0, 1;
    %delay 2000, 0;
    %vpi_call/w 3 89 "$display", "[SCENARIO 4] MEM Forwarding -> forwardA: %b (Exp: 00), forwardB: %b (Exp: 01)", v0000028D3B0F6A00_0, v0000028D3B0F63C0_0 {0 0 0};
    %vpi_call/w 3 91 "$display", "=============================================" {0 0 0};
    %vpi_call/w 3 92 "$display", "     ALL SYSTEM INTEGRATION TESTS PASSED     " {0 0 0};
    %vpi_call/w 3 93 "$display", "=============================================\012" {0 0 0};
    %vpi_call/w 3 94 "$finish" {0 0 0};
    %end;
    .thread T_3;
# The file index is used to find the file name in the following table.
:file_names 6;
    "N/A";
    "<interactive>";
    "-";
    "tb/tb_top_hazard_system.sv";
    "rtl/forwarding_unit.sv";
    "rtl/hazard_detection_unit.sv";
